[0m[38;5;245mrunning 12 tests from ./src/api-keys/api-key.test.ts[0m
generateApiKey - creates key with prefix ... [0m[32mok[0m [0m[38;5;245m(0ms)[0m
generateApiKey - default prefix is wk ... [0m[32mok[0m [0m[38;5;245m(0ms)[0m
hashKey - produces SHA-256 hex string ... [0m[32mok[0m [0m[38;5;245m(0ms)[0m
hashKey - same input produces same hash ... [0m[32mok[0m [0m[38;5;245m(0ms)[0m
ApiKeyStorage - create and findByHash ... [0m[32mok[0m [0m[38;5;245m(4ms)[0m
ApiKeyStorage - findByHash returns null for revoked key ... [0m[32mok[0m [0m[38;5;245m(1ms)[0m
ApiKeyStorage - revokeKey ... [0m[32mok[0m [0m[38;5;245m(1ms)[0m
ApiKeyStorage - touchLastUsed ... [0m[32mok[0m [0m[38;5;245m(1ms)[0m
verifyApiKey - valid key ... [0m[32mok[0m [0m[38;5;245m(1ms)[0m
verifyApiKey - invalid key throws ... [0m[32mok[0m [0m[38;5;245m(1ms)[0m
verifyApiKey - revoked key throws ... [0m[32mok[0m [0m[38;5;245m(3ms)[0m
verifyApiKey - expired key throws ... [0m[32mok[0m [0m[38;5;245m(1ms)[0m
[0m[38;5;245mrunning 3 tests from ./src/core/pagination.test.ts[0m
pagination: token roundtrip ... [0m[32mok[0m [0m[38;5;245m(1ms)[0m
pagination: invalid token rejects ... [0m[32mok[0m [0m[38;5;245m(0ms)[0m
pagination: signature mismatch rejects ... [0m[32mok[0m [0m[38;5;245m(0ms)[0m
[0m[38;5;245mrunning 8 tests from ./src/core/resolve.test.ts[0m
formatWorldName: uses `${namespace}/${id}` ... [0m[32mok[0m [0m[38;5;245m(0ms)[0m
parseWorldName: parses `{namespace}/{id}` ... [0m[32mok[0m [0m[38;5;245m(0ms)[0m
parseWorldName: rejects surrounding slashes ... [0m[32mok[0m [0m[38;5;245m(0ms)[0m
parseWorldName: rejects non 2-part names ... [0m[32mok[0m [0m[38;5;245m(0ms)[0m
resolveWorldReference: string source is a name ... [0m[32mok[0m [0m[38;5;245m(0ms)[0m
resolveWorldReference: object source with ref ... [0m[32mok[0m [0m[38;5;245m(0ms)[0m
resolveWorldReference: missing namespace fails ... [0m[32mok[0m [0m[38;5;245m(0ms)[0m
resolveWorldReference: missing id fails ... [0m[32mok[0m [0m[38;5;245m(0ms)[0m
[0m[38;5;245mrunning 2 tests from ./src/core/search-naive-fts.test.ts[0m
searchNaiveFts: supports subjects, predicates, and types filtering ... [0m[32mok[0m [0m[38;5;245m(9ms)[0m
searchNaiveFts: supports phrase matching without keyword match ... [0m[32mok[0m [0m[38;5;245m(0ms)[0m
[0m[38;5;245mrunning 1 test from ./src/core/worlds-factory.test.ts[0m
WorldsFactory: createWorldsWithLibsql produces persistent indexed storage ... [0m[32mok[0m [0m[38;5;245m(16ms)[0m
[0m[38;5;245mrunning 28 tests from ./src/core/worlds.test.ts[0m
Worlds: create/get/update/delete world ... [0m[32mok[0m [0m[38;5;245m(6ms)[0m
Worlds: createWorld rejects duplicates ... [0m[32mok[0m [0m[38;5;245m(0ms)[0m
Worlds: listWorlds paginates with opaque tokens ... [0m[32mok[0m [0m[38;5;245m(5ms)[0m
Worlds: sparql SELECT query on world ... [0m[32mok[0m [0m[38;5;245m(27ms)[0m
Worlds: sparql ASK query returns true ... [0m[32mok[0m [0m[38;5;245m(4ms)[0m
Worlds: sparql ASK query returns false ... [0m[32mok[0m [0m[38;5;245m(2ms)[0m
Worlds: sparql UPDATE INSERT adds triples ... [0m[32mok[0m [0m[38;5;245m(5ms)[0m
Worlds: sparql UPDATE DELETE removes triples ... [0m[32mok[0m [0m[38;5;245m(9ms)[0m
Worlds: sparql UPDATE INSERT+DELETE combination ... [0m[32mok[0m [0m[38;5;245m(4ms)[0m
Worlds: sparql with blank nodes ... [0m[32mok[0m [0m[38;5;245m(4ms)[0m
Worlds: SPARQL parity ΓÇö IRI-only vs blank-node equivalent datasets ... [0m[32mok[0m [0m[38;5;245m(13ms)[0m
Worlds: identical data across worlds yields identical SPARQL results ... [0m[32mok[0m [0m[38;5;245m(4ms)[0m
Worlds: same shape different values yields comparable SPARQL structure ... [0m[32mok[0m [0m[38;5;245m(5ms)[0m
Worlds: populated world vs empty world SPARQL results ... [0m[32mok[0m [0m[38;5;245m(2ms)[0m
Worlds: sparql rejects on non-existent world ... [0m[32mok[0m [0m[38;5;245m(0ms)[0m
Worlds: search finds quads matching query terms ... [0m[32mok[0m [0m[38;5;245m(2ms)[0m
Worlds: search scores by number of matching terms ... [0m[32mok[0m [0m[38;5;245m(1ms)[0m
Worlds: search falls back for unindexed world ... [0m[32mok[0m [0m[38;5;245m(0ms)[0m
Worlds: search rejects on non-existent world ... [0m[32mok[0m [0m[38;5;245m(0ms)[0m
Worlds: search with empty query returns empty ... [0m[32mok[0m [0m[38;5;245m(0ms)[0m
Worlds: search finds data added via SPARQL UPDATE ... [0m[32mok[0m [0m[38;5;245m(2ms)[0m
Worlds: sparql DELETE removes from search index ... [0m[32mok[0m [0m[38;5;245m(4ms)[0m
Worlds: search filters by specified sources only ... [0m[32mok[0m [0m[38;5;245m(1ms)[0m
Worlds: empty sparql UPDATE does not mutate ... [0m[32mok[0m [0m[38;5;245m(1ms)[0m
Worlds (InMemoryQuadStorageManager): sparql SELECT query ... [0m[32mok[0m [0m[38;5;245m(1ms)[0m
Worlds (InMemoryQuadStorageManager): sparql UPDATE ... [0m[32mok[0m [0m[38;5;245m(2ms)[0m
Worlds (InMemoryQuadStorageManager): isolated worlds ... [0m[32mok[0m [0m[38;5;245m(2ms)[0m
Worlds: search rejects if index dimension mismatch ... [0m[32mok[0m [0m[38;5;245m(0ms)[0m
[0m[38;5;245mrunning 2 tests from ./src/indexing/embeddings/openai.test.ts[0m
OpenAIEmbeddingsService: initialization ... [0m[32mok[0m [0m[38;5;245m(1ms)[0m
OpenAIEmbeddingsService: requires API key ... [0m[32mok[0m [0m[38;5;245m(0ms)[0m
[0m[38;5;245mrunning 14 tests from ./src/indexing/fts.test.ts[0m
tokenizeSearchQuery: splits on whitespace and lowercases ... [0m[32mok[0m [0m[38;5;245m(1ms)[0m
tokenizeSearchQuery: handles multiple spaces and tabs ... [0m[32mok[0m [0m[38;5;245m(0ms)[0m
tokenizeSearchQuery: empty string returns empty array ... [0m[32mok[0m [0m[38;5;245m(0ms)[0m
tokenizeSearchQuery: whitespace-only returns empty array ... [0m[32mok[0m [0m[38;5;245m(0ms)[0m
tokenizeSearchQuery: single word ... [0m[32mok[0m [0m[38;5;245m(0ms)[0m
tokenizeSearchQuery: preserves special characters ... [0m[32mok[0m [0m[38;5;245m(0ms)[0m
ftsTermHits: term in subject scores 1 ... [0m[32mok[0m [0m[38;5;245m(0ms)[0m
ftsTermHits: term in predicate scores 1 ... [0m[32mok[0m [0m[38;5;245m(0ms)[0m
ftsTermHits: term in object scores 1 ... [0m[32mok[0m [0m[38;5;245m(0ms)[0m
ftsTermHits: each distinct term counted once even if in multiple fields ... [0m[32mok[0m [0m[38;5;245m(0ms)[0m
ftsTermHits: multiple terms all matching ... [0m[32mok[0m [0m[38;5;245m(0ms)[0m
ftsTermHits: no matching terms returns 0 ... [0m[32mok[0m [0m[38;5;245m(0ms)[0m
ftsTermHits: empty terms array returns 0 ... [0m[32mok[0m [0m[38;5;245m(0ms)[0m
ftsTermHits: case insensitive matching ... [0m[32mok[0m [0m[38;5;245m(0ms)[0m
[0m[38;5;245mrunning 0 tests from ./src/indexing/storage/contract.test.ts[0m
[0m[38;5;245mrunning 1 test from ./src/indexing/storage/in-memory.test.ts[0m
InMemoryChunkIndexManager: contract ... [0m[32mok[0m [0m[38;5;245m(1ms)[0m
[0m[38;5;245mrunning 1 test from ./src/indexing/storage/orama.test.ts[0m
OramaChunkIndexManager: contract ... [0m[32mok[0m [0m[38;5;245m(8ms)[0m
[0m[38;5;245mrunning 9 tests from ./src/indexing/text-splitter.test.ts[0m
splitTextRecursive: short text returns single chunk ... [0m[32mok[0m [0m[38;5;245m(0ms)[0m
splitTextRecursive: empty string returns empty array ... [0m[32mok[0m [0m[38;5;245m(0ms)[0m
splitTextRecursive: whitespace-only returns empty array ... [0m[32mok[0m [0m[38;5;245m(0ms)[0m
splitTextRecursive: splits on paragraph boundary ... [0m[32mok[0m [0m[38;5;245m(0ms)[0m
splitTextRecursive: splits on newline when paragraphs too large ... [0m[32mok[0m [0m[38;5;245m(0ms)[0m
splitTextRecursive: falls through to character splitting for long unbreakable text ... [0m[32mok[0m [0m[38;5;245m(0ms)[0m
splitTextRecursive: text exactly at chunk size returns single chunk ... [0m[32mok[0m [0m[38;5;245m(0ms)[0m
splitTextRecursive: respects sentence separator ... [0m[32mok[0m [0m[38;5;245m(0ms)[0m
splitTextRecursive: default chunk size handles realistic text ... [0m[32mok[0m [0m[38;5;245m(0ms)[0m
[0m[38;5;245mrunning 4 tests from ./src/rdf/materialize.test.ts[0m
toSkolemizedQuad: keeps named nodes unchanged ... [0m[32mok[0m [0m[38;5;245m(0ms)[0m
toSkolemizedQuad: skolemizes blank node subject/object with default prefix ... [0m[32mok[0m [0m[38;5;245m(0ms)[0m
toSkolemizedQuad: skolem prefix is configurable ... [0m[32mok[0m [0m[38;5;245m(0ms)[0m
parseStoreFromRdfBytes: parses N-Triples and skolemizes bnodes ... [0m[32mok[0m [0m[38;5;245m(3ms)[0m
[0m[38;5;245mrunning 5 tests from ./src/rdf/rdf.test.ts[0m
serializes and deserializes turtle ... [0m[32mok[0m [0m[38;5;245m(2ms)[0m
round-trips n-quads ... [0m[32mok[0m [0m[38;5;245m(0ms)[0m
preserves URL-shaped literals as literals ... [0m[32mok[0m [0m[38;5;245m(0ms)[0m
preserves literal datatype and language ... [0m[32mok[0m [0m[38;5;245m(0ms)[0m
getFormat defaults to n-quads ... [0m[32mok[0m [0m[38;5;245m(0ms)[0m
[0m[38;5;245mrunning 2 tests from ./src/rdf/sparql/sparql.test.ts[0m
Comunica QueryEngine can query an n3 Store (RDFJS) ... [0m[32mok[0m [0m[38;5;245m(21ms)[0m
Same SPARQL query works on bnodes vs processed (canonicalized + subject-skolemized) dataset ...
  query raw dataset with blank nodes ... [0m[32mok[0m [0m[38;5;245m(11ms)[0m
  process dataset (RDFC-1.0 canonicalization + subject skolemization) and rerun same query ... [0m[32mok[0m [0m[38;5;245m(13ms)[0m
Same SPARQL query works on bnodes vs processed (canonicalized + subject-skolemized) dataset ... [0m[32mok[0m [0m[38;5;245m(24ms)[0m
[0m[38;5;245mrunning 3 tests from ./src/rdf/storage/in-memory/manager.test.ts[0m
InMemoryQuadStorageManager: getQuadStorage returns same instance for same ref ... [0m[32mok[0m [0m[38;5;245m(0ms)[0m
InMemoryQuadStorageManager: different worlds are isolated ... [0m[32mok[0m [0m[38;5;245m(0ms)[0m
InMemoryQuadStorageManager: deleteQuadStorage clears storage and is idempotent ... [0m[32mok[0m [0m[38;5;245m(0ms)[0m
[0m[38;5;245mrunning 9 tests from ./src/rdf/storage/in-memory/storage.test.ts[0m
InMemoryQuadStorage: setQuad stores and findQuads retrieves ... [0m[32mok[0m [0m[38;5;245m(0ms)[0m
InMemoryQuadStorage: setQuad is idempotent (dedup by key) ... [0m[32mok[0m [0m[38;5;245m(0ms)[0m
InMemoryQuadStorage: setQuads batch stores multiple ... [0m[32mok[0m [0m[38;5;245m(0ms)[0m
InMemoryQuadStorage: deleteQuad removes quad ... [0m[32mok[0m [0m[38;5;245m(0ms)[0m
InMemoryQuadStorage: deleteQuad is idempotent (no-op for missing) ... [0m[32mok[0m [0m[38;5;245m(0ms)[0m
InMemoryQuadStorage: deleteQuads batch removes multiple ... [0m[32mok[0m [0m[38;5;245m(0ms)[0m
InMemoryQuadStorage: findQuads with matchers filters correctly ... [0m[32mok[0m [0m[38;5;245m(0ms)[0m
InMemoryQuadStorage: clear removes all quads ... [0m[32mok[0m [0m[38;5;245m(0ms)[0m
InMemoryQuadStorage: clear is idempotent ... [0m[32mok[0m [0m[38;5;245m(0ms)[0m
[0m[38;5;245mrunning 1 test from ./src/rdf/storage/indexed/handler-orama.test.ts[0m
SearchIndexHandler with Orama: renders and keeps in sync ... [0m[32mok[0m [0m[38;5;245m(13ms)[0m
[0m[38;5;245mrunning 14 tests from ./src/rdf/storage/indexed/handler.test.ts[0m
SearchIndexHandler: indexes literal object ... [0m[32mok[0m [0m[38;5;245m(2ms)[0m
SearchIndexHandler: skips NamedNode objects ... [0m[32mok[0m [0m[38;5;245m(0ms)[0m
SearchIndexHandler: skips IRI-shaped objects without objectTermType ... [0m[32mok[0m [0m[38;5;245m(0ms)[0m
SearchIndexHandler: skips BlankNode objects ... [0m[32mok[0m [0m[38;5;245m(0ms)[0m
SearchIndexHandler: skips blank node objects without objectTermType ... [0m[32mok[0m [0m[38;5;245m(0ms)[0m
SearchIndexHandler: skips rdf:type triples (object is typically an IRI) ... [0m[32mok[0m [0m[38;5;245m(0ms)[0m
SearchIndexHandler: indexes meta predicates by default (rdfs:label, rdfs:comment) ... [0m[32mok[0m [0m[38;5;245m(0ms)[0m
SearchIndexHandler: skips empty object ... [0m[32mok[0m [0m[38;5;245m(1ms)[0m
SearchIndexHandler: deletion removes chunks ... [0m[32mok[0m [0m[38;5;245m(0ms)[0m
SearchIndexHandler: does not mutate index state ... [0m[32mok[0m [0m[38;5;245m(0ms)[0m
SearchIndexHandler: opt-out rdfs:label via index:false ... [0m[32mok[0m [0m[38;5;245m(0ms)[0m
SearchIndexHandler: opt-out rdfs:comment with noSplit ... [0m[32mok[0m [0m[38;5;245m(0ms)[0m
SearchIndexHandler: rule noSplit preserves long text as single chunk ... [0m[32mok[0m [0m[38;5;245m(0ms)[0m
SearchIndexHandler: rule index:false overrides default ... [0m[32mok[0m [0m[38;5;245m(0ms)[0m
[0m[38;5;245mrunning 3 tests from ./src/rdf/storage/indexed/manager.test.ts[0m
IndexedQuadStorageManager: getQuadStorage returns IndexedQuadStorage ... [0m[32mok[0m [0m[38;5;245m(0ms)[0m
IndexedQuadStorageManager: getQuadStorage returns same instance for same ref ... [0m[32mok[0m [0m[38;5;245m(0ms)[0m
IndexedQuadStorageManager: deleteQuadStorage clears storage ... [0m[32mok[0m [0m[38;5;245m(0ms)[0m
[0m[38;5;245mrunning 4 tests from ./src/rdf/storage/indexed/storage.test.ts[0m
IndexedQuadStorage: setQuad calls inner and handlers ... [0m[32mok[0m [0m[38;5;245m(0ms)[0m
IndexedQuadStorage: deleteQuad calls inner and handlers ... [0m[32mok[0m [0m[38;5;245m(0ms)[0m
IndexedQuadStorage: clear calls inner and handlers ... [0m[32mok[0m [0m[38;5;245m(0ms)[0m
IndexedQuadStorage: findQuads delegates to inner ... [0m[32mok[0m [0m[38;5;245m(0ms)[0m
[0m[38;5;245mrunning 0 tests from ./src/rdf/storage/libsql/manager.test.ts[0m
[0m[38;5;245mrunning 0 tests from ./src/rdf/storage/libsql/storage.test.ts[0m
[0m[38;5;245mrunning 7 tests from ./src/rpc/app.test.ts[0m
createRpcApp: POST /rpc listWorlds returns 200 ... [0m[32mok[0m [0m[38;5;245m(14ms)[0m
createRpcApp: invalid RPC body returns 400 envelope ... [0m[32mok[0m [0m[38;5;245m(2ms)[0m
createRpcApp: missing world returns 404 envelope ... [0m[32mok[0m [0m[38;5;245m(2ms)[0m
createRpcApp: duplicate world returns 409 envelope ... [0m[32mok[0m [0m[38;5;245m(2ms)[0m
createRpcApp: oversized JSON body returns 413 ... [0m[32mok[0m [0m[38;5;245m(3ms)[0m
createRpcApp: without transport, oversized body is not rejected ... [0m[32mok[0m [0m[38;5;245m(5ms)[0m
createRpcApp: OPTIONS /rpc includes CORS allow headers ... [0m[32mok[0m [0m[38;5;245m(0ms)[0m
[0m[38;5;245mrunning 10 tests from ./src/rpc/handler.test.ts[0m
handleRpc: createWorld then getWorld ... [0m[32mok[0m [0m[38;5;245m(3ms)[0m
handleRpc: error envelope includes action ... [0m[32mok[0m [0m[38;5;245m(0ms)[0m
handleRpc: createWorld duplicate returns ALREADY_EXISTS ... [0m[32mok[0m [0m[38;5;245m(0ms)[0m
handleRpc: deleteWorld ... [0m[32mok[0m [0m[38;5;245m(0ms)[0m
handleRpc: listWorlds ... [0m[32mok[0m [0m[38;5;245m(1ms)[0m
handleRpc: listWorlds invalid pageToken returns INVALID_ARGUMENT ... [0m[32mok[0m [0m[38;5;245m(0ms)[0m
handleRpc: sparql unsupported query returns INVALID_ARGUMENT ... [0m[32mok[0m [0m[38;5;245m(16ms)[0m
handleRpc: importWorld then sparql ... [0m[32mok[0m [0m[38;5;245m(6ms)[0m
handleRpc: searchWorlds ... [0m[32mok[0m [0m[38;5;245m(4ms)[0m
handleRpc: exportWorld ... [0m[32mok[0m [0m[38;5;245m(1ms)[0m

[0m[32mok[0m | 143 passed (2 steps) | 0 failed [0m[38;5;245m(11s)[0m

